manilpuri9@manilpuri9:~$ docker exec -it cli bash
root@b8389c0c41b3:/opt/gopath/src/chaincodedev# peer chaincode install -p chaincodedev/chaincode/marbles02 -n mycc -v 0
2018-03-02 09:02:37.799 UTC [msp] GetLocalMSP -> DEBU 001 Returning existing local MSP
2018-03-02 09:02:37.799 UTC [msp] GetDefaultSigningIdentity -> DEBU 002 Obtaining default signing identity
2018-03-02 09:02:37.799 UTC [chaincodeCmd] checkChaincodeCmdParams -> INFO 003 Using default escc
2018-03-02 09:02:37.799 UTC [chaincodeCmd] checkChaincodeCmdParams -> INFO 004 Using default vscc
2018-03-02 09:02:37.887 UTC [golang-platform] getCodeFromFS -> DEBU 005 getCodeFromFS chaincodedev/chaincode/marbles02
2018-03-02 09:02:38.091 UTC [golang-platform] func1 -> DEBU 006 Discarding GOROOT package bytes
2018-03-02 09:02:38.091 UTC [golang-platform] func1 -> DEBU 007 Discarding GOROOT package encoding/json
2018-03-02 09:02:38.091 UTC [golang-platform] func1 -> DEBU 008 Discarding GOROOT package fmt
2018-03-02 09:02:38.091 UTC [golang-platform] func1 -> DEBU 009 Discarding provided package github.com/hyperledger/fabric/core/chaincode/shim
2018-03-02 09:02:38.091 UTC [golang-platform] func1 -> DEBU 00a Discarding provided package github.com/hyperledger/fabric/protos/peer
2018-03-02 09:02:38.091 UTC [golang-platform] func1 -> DEBU 00b Discarding GOROOT package strconv
2018-03-02 09:02:38.091 UTC [golang-platform] func1 -> DEBU 00c Discarding GOROOT package strings
2018-03-02 09:02:38.091 UTC [golang-platform] func1 -> DEBU 00d Discarding GOROOT package time
2018-03-02 09:02:38.091 UTC [golang-platform] GetDeploymentPayload -> DEBU 00e done
2018-03-02 09:02:38.095 UTC [msp/identity] Sign -> DEBU 00f Sign: plaintext: 0AA3080A5B08031A0B08AEA6E4D40510...FEF37F010000FFFFE0D67BE600680000 
2018-03-02 09:02:38.095 UTC [msp/identity] Sign -> DEBU 010 Sign: digest: 04E8D2AACE33F33F932A7E00904CA06CD970556B7B548E8EDAC3C461873E177E 
2018-03-02 09:02:38.100 UTC [chaincodeCmd] install -> DEBU 011 Installed remotely response:<status:200 payload:"OK" > 
2018-03-02 09:02:38.100 UTC [main] main -> INFO 012 Exiting.....
root@b8389c0c41b3:/opt/gopath/src/chaincodedev# peer chaincode instantiate -C myc1 -n marbles -c '{"Args":["initMarble","marble1","blue","35","tom"]}'
2018-03-02 09:12:49.075 UTC [msp] GetLocalMSP -> DEBU 001 Returning existing local MSP
2018-03-02 09:12:49.075 UTC [msp] GetDefaultSigningIdentity -> DEBU 002 Obtaining default signing identity
2018-03-02 09:12:49.075 UTC [msp/identity] Sign -> DEBU 003 Sign: plaintext: 0AA3080A5B08011A0B0891ABE4D40510...6F6E666967426C6F636B0A046D796331 
2018-03-02 09:12:49.075 UTC [msp/identity] Sign -> DEBU 004 Sign: digest: A7AE0D502EFD3BDCBC9EA71E184C60B7BA531C04C33CC539847C5971576C7B01 
Error: Error getting (myc1) orderer endpoint: Error endorsing GetConfigBlock: rpc error: code = Unknown desc = chaincode error (status: 500, message: "GetConfigBlock" request failed authorization check for channel [myc1]: [Failed to get policy manager for channel [myc1]])
Usage:
  peer chaincode instantiate [flags]

Flags:
  -C, --channelID string   The channel on which this command should be executed (default "testchainid")
  -c, --ctor string        Constructor message for the chaincode in JSON format (default "{}")
  -E, --escc string        The name of the endorsement system chaincode to be used for this chaincode
  -l, --lang string        Language the chaincode is written in (default "golang")
  -n, --name string        Name of the chaincode
  -P, --policy string      The endorsement policy associated to this chaincode
  -v, --version string     Version of the chaincode specified in install/instantiate/upgrade commands
  -V, --vscc string        The name of the verification system chaincode to be used for this chaincode

Global Flags:
      --cafile string              Path to file containing PEM-encoded trusted certificate(s) for the ordering endpoint
      --logging-level string       Default logging level and overrides, see core.yaml for full syntax
  -o, --orderer string             Ordering service endpoint
      --test.coverprofile string   Done (default "coverage.cov")
      --tls                        Use TLS when communicating with the orderer endpoint

root@b8389c0c41b3:/opt/gopath/src/chaincodedev# peer chaincode invoke -C myc1 -n marbles -c '{"Args":["initMarble","marble1","blue","35","tom"]}'
2018-03-02 09:13:11.611 UTC [msp] GetLocalMSP -> DEBU 001 Returning existing local MSP
2018-03-02 09:13:11.611 UTC [msp] GetDefaultSigningIdentity -> DEBU 002 Obtaining default signing identity
2018-03-02 09:13:11.611 UTC [msp/identity] Sign -> DEBU 003 Sign: plaintext: 0AA4080A5C08011A0C08A7ABE4D40510...6F6E666967426C6F636B0A046D796331 
2018-03-02 09:13:11.611 UTC [msp/identity] Sign -> DEBU 004 Sign: digest: F0E0D8D3163F5CF00DC29630080B0094C17BC4EB00C6ED44E67325AC78F7D24C 
Error: Error getting (myc1) orderer endpoint: Error endorsing GetConfigBlock: rpc error: code = Unknown desc = chaincode error (status: 500, message: "GetConfigBlock" request failed authorization check for channel [myc1]: [Failed to get policy manager for channel [myc1]])
Usage:
  peer chaincode invoke [flags]

Flags:
  -C, --channelID string   The channel on which this command should be executed (default "testchainid")
  -c, --ctor string        Constructor message for the chaincode in JSON format (default "{}")
  -n, --name string        Name of the chaincode

Global Flags:
      --cafile string              Path to file containing PEM-encoded trusted certificate(s) for the ordering endpoint
      --logging-level string       Default logging level and overrides, see core.yaml for full syntax
  -o, --orderer string             Ordering service endpoint
      --test.coverprofile string   Done (default "coverage.cov")
      --tls                        Use TLS when communicating with the orderer endpoint
  -v, --version                    Display current version of fabric peer server

root@b8389c0c41b3:/opt/gopath/src/chaincodedev# peer channel list
2018-03-02 09:16:20.850 UTC [msp] GetLocalMSP -> DEBU 001 Returning existing local MSP
2018-03-02 09:16:20.850 UTC [msp] GetDefaultSigningIdentity -> DEBU 002 Obtaining default signing identity
2018-03-02 09:16:20.851 UTC [channelCmd] InitCmdFactory -> INFO 003 Endorser and orderer connections initialized
2018-03-02 09:16:20.852 UTC [msp/identity] Sign -> DEBU 004 Sign: plaintext: 0AA4080A5C08031A0C08E4ACE4D40510...631A0D0A0B4765744368616E6E656C73 
2018-03-02 09:16:20.852 UTC [msp/identity] Sign -> DEBU 005 Sign: digest: ED2EFA255D9B9DE7ED53408F497D2DFBFC94E95DAB36DBF6DC2892E235E44BBD 
2018-03-02 09:16:20.859 UTC [channelCmd] list -> INFO 006 Channels peers has joined to: 
2018-03-02 09:16:20.859 UTC [channelCmd] list -> INFO 007 myc 
2018-03-02 09:16:20.859 UTC [main] main -> INFO 008 Exiting.....
root@b8389c0c41b3:/opt/gopath/src/chaincodedev# peer chaincode instantiate -o orderer:5005 -C myc1 -n marbles -c '{"Args":["initMarble","marble1","blue","35","tom"]} 
> ^C
root@b8389c0c41b3:/opt/gopath/src/chaincodedev# peer chaincode instantiate -o orderer:5005 -C myc1 -n myc -p chaincodedev/chaincode/marbles02 -n mycc -v 0
Error: unknown shorthand flag: 'p' in -p
Usage:
  peer chaincode instantiate [flags]

Flags:
  -C, --channelID string   The channel on which this command should be executed (default "testchainid")
  -c, --ctor string        Constructor message for the chaincode in JSON format (default "{}")
  -E, --escc string        The name of the endorsement system chaincode to be used for this chaincode
  -l, --lang string        Language the chaincode is written in (default "golang")
  -n, --name string        Name of the chaincode
  -P, --policy string      The endorsement policy associated to this chaincode
  -v, --version string     Version of the chaincode specified in install/instantiate/upgrade commands
  -V, --vscc string        The name of the verification system chaincode to be used for this chaincode

Global Flags:
      --cafile string              Path to file containing PEM-encoded trusted certificate(s) for the ordering endpoint
      --logging-level string       Default logging level and overrides, see core.yaml for full syntax
  -o, --orderer string             Ordering service endpoint
      --test.coverprofile string   Done (default "coverage.cov")
      --tls                        Use TLS when communicating with the orderer endpoint

root@b8389c0c41b3:/opt/gopath/src/chaincodedev# peer chaincode instantiate -o orderer:5005 -C myc1 -n mycc -p chaincodedev/chaincode/marbles02 -n mycc -v 0
Error: unknown shorthand flag: 'p' in -p
Usage:
  peer chaincode instantiate [flags]

Flags:
  -C, --channelID string   The channel on which this command should be executed (default "testchainid")
  -c, --ctor string        Constructor message for the chaincode in JSON format (default "{}")
  -E, --escc string        The name of the endorsement system chaincode to be used for this chaincode
  -l, --lang string        Language the chaincode is written in (default "golang")
  -n, --name string        Name of the chaincode
  -P, --policy string      The endorsement policy associated to this chaincode
  -v, --version string     Version of the chaincode specified in install/instantiate/upgrade commands
  -V, --vscc string        The name of the verification system chaincode to be used for this chaincode

Global Flags:
      --cafile string              Path to file containing PEM-encoded trusted certificate(s) for the ordering endpoint
      --logging-level string       Default logging level and overrides, see core.yaml for full syntax
  -o, --orderer string             Ordering service endpoint
      --test.coverprofile string   Done (default "coverage.cov")
      --tls                        Use TLS when communicating with the orderer endpoint

root@b8389c0c41b3:/opt/gopath/src/chaincodedev# peer chaincode instantiate -o orderer:5005 -C myc1 -p chaincodedev/chaincode/marbles02 -n mycc -v 0
Error: unknown shorthand flag: 'p' in -p
Usage:
  peer chaincode instantiate [flags]

Flags:
  -C, --channelID string   The channel on which this command should be executed (default "testchainid")
  -c, --ctor string        Constructor message for the chaincode in JSON format (default "{}")
  -E, --escc string        The name of the endorsement system chaincode to be used for this chaincode
  -l, --lang string        Language the chaincode is written in (default "golang")
  -n, --name string        Name of the chaincode
  -P, --policy string      The endorsement policy associated to this chaincode
  -v, --version string     Version of the chaincode specified in install/instantiate/upgrade commands
  -V, --vscc string        The name of the verification system chaincode to be used for this chaincode

Global Flags:
      --cafile string              Path to file containing PEM-encoded trusted certificate(s) for the ordering endpoint
      --logging-level string       Default logging level and overrides, see core.yaml for full syntax
  -o, --orderer string             Ordering service endpoint
      --test.coverprofile string   Done (default "coverage.cov")
      --tls                        Use TLS when communicating with the orderer endpoint

root@b8389c0c41b3:/opt/gopath/src/chaincodedev# peer chaincode instantiate -o orderer:5005 -C myc1 -n marbles -p chaincodedev/chaincode/marbles02 -n mycc -v 0
Error: unknown shorthand flag: 'p' in -p
Usage:
  peer chaincode instantiate [flags]

Flags:
  -C, --channelID string   The channel on which this command should be executed (default "testchainid")
  -c, --ctor string        Constructor message for the chaincode in JSON format (default "{}")
  -E, --escc string        The name of the endorsement system chaincode to be used for this chaincode
  -l, --lang string        Language the chaincode is written in (default "golang")
  -n, --name string        Name of the chaincode
  -P, --policy string      The endorsement policy associated to this chaincode
  -v, --version string     Version of the chaincode specified in install/instantiate/upgrade commands
  -V, --vscc string        The name of the verification system chaincode to be used for this chaincode

Global Flags:
      --cafile string              Path to file containing PEM-encoded trusted certificate(s) for the ordering endpoint
      --logging-level string       Default logging level and overrides, see core.yaml for full syntax
  -o, --orderer string             Ordering service endpoint
      --test.coverprofile string   Done (default "coverage.cov")
      --tls                        Use TLS when communicating with the orderer endpoint

root@b8389c0c41b3:/opt/gopath/src/chaincodedev# peer chaincode instantiate -n mycc -v 0 -c '{"Args":["initMarble","marble1","blue","35","tom"]}' -C myc
2018-03-02 09:36:05.395 UTC [msp] GetLocalMSP -> DEBU 001 Returning existing local MSP
2018-03-02 09:36:05.395 UTC [msp] GetDefaultSigningIdentity -> DEBU 002 Obtaining default signing identity
2018-03-02 09:36:05.396 UTC [msp/identity] Sign -> DEBU 003 Sign: plaintext: 0AA4080A5C08011A0C0885B6E4D40510...436F6E666967426C6F636B0A036D7963 
2018-03-02 09:36:05.396 UTC [msp/identity] Sign -> DEBU 004 Sign: digest: 9AB75F609CABA2709339C0E75D424205C7B9D3D698AE92A10FD63BEB38FF9D1E 
2018-03-02 09:36:05.401 UTC [common/config] NewStandardValues -> DEBU 005 Initializing protos for *config.ChannelProtos
2018-03-02 09:36:05.401 UTC [common/config] initializeProtosStruct -> DEBU 006 Processing field: HashingAlgorithm
2018-03-02 09:36:05.401 UTC [common/config] initializeProtosStruct -> DEBU 007 Processing field: BlockDataHashingStructure
2018-03-02 09:36:05.401 UTC [common/config] initializeProtosStruct -> DEBU 008 Processing field: OrdererAddresses
2018-03-02 09:36:05.401 UTC [common/config] initializeProtosStruct -> DEBU 009 Processing field: Consortium
2018-03-02 09:36:05.401 UTC [common/configtx] addToMap -> DEBU 00a Adding to config map: [Groups] /Channel
2018-03-02 09:36:05.401 UTC [common/configtx] addToMap -> DEBU 00b Adding to config map: [Groups] /Channel/Orderer
2018-03-02 09:36:05.401 UTC [common/configtx] addToMap -> DEBU 00c Adding to config map: [Groups] /Channel/Orderer/SampleOrg
2018-03-02 09:36:05.401 UTC [common/configtx] addToMap -> DEBU 00d Adding to config map: [Values] /Channel/Orderer/SampleOrg/MSP
2018-03-02 09:36:05.401 UTC [common/configtx] addToMap -> DEBU 00e Adding to config map: [Policy] /Channel/Orderer/SampleOrg/Readers
2018-03-02 09:36:05.402 UTC [common/configtx] addToMap -> DEBU 00f Adding to config map: [Policy] /Channel/Orderer/SampleOrg/Writers
2018-03-02 09:36:05.402 UTC [common/configtx] addToMap -> DEBU 010 Adding to config map: [Policy] /Channel/Orderer/SampleOrg/Admins
2018-03-02 09:36:05.403 UTC [common/configtx] addToMap -> DEBU 011 Adding to config map: [Values] /Channel/Orderer/ChannelRestrictions
2018-03-02 09:36:05.403 UTC [common/configtx] addToMap -> DEBU 012 Adding to config map: [Values] /Channel/Orderer/ConsensusType
2018-03-02 09:36:05.403 UTC [common/configtx] addToMap -> DEBU 013 Adding to config map: [Values] /Channel/Orderer/BatchSize
2018-03-02 09:36:05.403 UTC [common/configtx] addToMap -> DEBU 014 Adding to config map: [Values] /Channel/Orderer/BatchTimeout
2018-03-02 09:36:05.403 UTC [common/configtx] addToMap -> DEBU 015 Adding to config map: [Policy] /Channel/Orderer/BlockValidation
2018-03-02 09:36:05.404 UTC [common/configtx] addToMap -> DEBU 016 Adding to config map: [Policy] /Channel/Orderer/Readers
2018-03-02 09:36:05.404 UTC [common/configtx] addToMap -> DEBU 017 Adding to config map: [Policy] /Channel/Orderer/Writers
2018-03-02 09:36:05.404 UTC [common/configtx] addToMap -> DEBU 018 Adding to config map: [Policy] /Channel/Orderer/Admins
2018-03-02 09:36:05.404 UTC [common/configtx] addToMap -> DEBU 019 Adding to config map: [Groups] /Channel/Application
2018-03-02 09:36:05.404 UTC [common/configtx] addToMap -> DEBU 01a Adding to config map: [Groups] /Channel/Application/SampleOrg
2018-03-02 09:36:05.404 UTC [common/configtx] addToMap -> DEBU 01b Adding to config map: [Values] /Channel/Application/SampleOrg/MSP
2018-03-02 09:36:05.404 UTC [common/configtx] addToMap -> DEBU 01c Adding to config map: [Policy] /Channel/Application/SampleOrg/Readers
2018-03-02 09:36:05.404 UTC [common/configtx] addToMap -> DEBU 01d Adding to config map: [Policy] /Channel/Application/SampleOrg/Writers
2018-03-02 09:36:05.404 UTC [common/configtx] addToMap -> DEBU 01e Adding to config map: [Policy] /Channel/Application/SampleOrg/Admins
2018-03-02 09:36:05.404 UTC [common/configtx] addToMap -> DEBU 01f Adding to config map: [Policy] /Channel/Application/Readers
2018-03-02 09:36:05.404 UTC [common/configtx] addToMap -> DEBU 020 Adding to config map: [Policy] /Channel/Application/Admins
2018-03-02 09:36:05.404 UTC [common/configtx] addToMap -> DEBU 021 Adding to config map: [Policy] /Channel/Application/Writers
2018-03-02 09:36:05.404 UTC [common/configtx] addToMap -> DEBU 022 Adding to config map: [Values] /Channel/Consortium
2018-03-02 09:36:05.404 UTC [common/configtx] addToMap -> DEBU 023 Adding to config map: [Values] /Channel/OrdererAddresses
2018-03-02 09:36:05.404 UTC [common/configtx] addToMap -> DEBU 024 Adding to config map: [Values] /Channel/HashingAlgorithm
2018-03-02 09:36:05.404 UTC [common/configtx] addToMap -> DEBU 025 Adding to config map: [Values] /Channel/BlockDataHashingStructure
2018-03-02 09:36:05.404 UTC [common/configtx] addToMap -> DEBU 026 Adding to config map: [Policy] /Channel/Readers
2018-03-02 09:36:05.404 UTC [common/configtx] addToMap -> DEBU 027 Adding to config map: [Policy] /Channel/Writers
2018-03-02 09:36:05.404 UTC [common/configtx] addToMap -> DEBU 028 Adding to config map: [Policy] /Channel/Admins
2018-03-02 09:36:05.404 UTC [common/configtx] processConfig -> DEBU 029 Beginning new config for channel myc
2018-03-02 09:36:05.404 UTC [common/config] NewStandardValues -> DEBU 02a Initializing protos for *config.ChannelProtos
2018-03-02 09:36:05.404 UTC [common/config] initializeProtosStruct -> DEBU 02b Processing field: HashingAlgorithm
2018-03-02 09:36:05.404 UTC [common/config] initializeProtosStruct -> DEBU 02c Processing field: BlockDataHashingStructure
2018-03-02 09:36:05.404 UTC [common/config] initializeProtosStruct -> DEBU 02d Processing field: OrdererAddresses
2018-03-02 09:36:05.404 UTC [common/config] initializeProtosStruct -> DEBU 02e Processing field: Consortium
2018-03-02 09:36:05.404 UTC [policies] ProposePolicy -> DEBU 02f Proposed new policy Readers for Channel
2018-03-02 09:36:05.404 UTC [policies] ProposePolicy -> DEBU 030 Proposed new policy Writers for Channel
2018-03-02 09:36:05.404 UTC [policies] ProposePolicy -> DEBU 031 Proposed new policy Admins for Channel
2018-03-02 09:36:05.404 UTC [common/config] NewStandardValues -> DEBU 032 Initializing protos for *config.OrdererProtos
2018-03-02 09:36:05.404 UTC [common/config] initializeProtosStruct -> DEBU 033 Processing field: ConsensusType
2018-03-02 09:36:05.404 UTC [common/config] initializeProtosStruct -> DEBU 034 Processing field: BatchSize
2018-03-02 09:36:05.404 UTC [common/config] initializeProtosStruct -> DEBU 035 Processing field: BatchTimeout
2018-03-02 09:36:05.404 UTC [common/config] initializeProtosStruct -> DEBU 036 Processing field: KafkaBrokers
2018-03-02 09:36:05.404 UTC [common/config] initializeProtosStruct -> DEBU 037 Processing field: ChannelRestrictions
2018-03-02 09:36:05.404 UTC [policies] ProposePolicy -> DEBU 038 Proposed new policy Writers for Orderer
2018-03-02 09:36:05.404 UTC [policies] ProposePolicy -> DEBU 039 Proposed new policy Admins for Orderer
2018-03-02 09:36:05.404 UTC [policies] ProposePolicy -> DEBU 03a Proposed new policy BlockValidation for Orderer
2018-03-02 09:36:05.404 UTC [policies] ProposePolicy -> DEBU 03b Proposed new policy Readers for Orderer
2018-03-02 09:36:05.404 UTC [common/config] NewStandardValues -> DEBU 03c Initializing protos for *config.OrganizationProtos
2018-03-02 09:36:05.404 UTC [common/config] initializeProtosStruct -> DEBU 03d Processing field: MSP
2018-03-02 09:36:05.404 UTC [policies] ProposePolicy -> DEBU 03e Proposed new policy Writers for SampleOrg
2018-03-02 09:36:05.404 UTC [policies] ProposePolicy -> DEBU 03f Proposed new policy Admins for SampleOrg
2018-03-02 09:36:05.404 UTC [policies] ProposePolicy -> DEBU 040 Proposed new policy Readers for SampleOrg
2018-03-02 09:36:05.404 UTC [common/config] NewStandardValues -> DEBU 041 Initializing protos for *struct {}
2018-03-02 09:36:05.405 UTC [policies] ProposePolicy -> DEBU 042 Proposed new policy Readers for Application
2018-03-02 09:36:05.405 UTC [policies] ProposePolicy -> DEBU 043 Proposed new policy Admins for Application
2018-03-02 09:36:05.405 UTC [policies] ProposePolicy -> DEBU 044 Proposed new policy Writers for Application
2018-03-02 09:36:05.405 UTC [common/config] NewStandardValues -> DEBU 045 Initializing protos for *config.OrganizationProtos
2018-03-02 09:36:05.405 UTC [common/config] initializeProtosStruct -> DEBU 046 Processing field: MSP
2018-03-02 09:36:05.405 UTC [common/config] NewStandardValues -> DEBU 047 Initializing protos for *config.ApplicationOrgProtos
2018-03-02 09:36:05.405 UTC [common/config] initializeProtosStruct -> DEBU 048 Processing field: AnchorPeers
2018-03-02 09:36:05.405 UTC [common/config] NewStandardValues -> DEBU 049 Initializing protos for *config.OrganizationProtos
2018-03-02 09:36:05.405 UTC [common/config] initializeProtosStruct -> DEBU 04a Processing field: MSP
2018-03-02 09:36:05.405 UTC [policies] ProposePolicy -> DEBU 04b Proposed new policy Readers for SampleOrg
2018-03-02 09:36:05.405 UTC [policies] ProposePolicy -> DEBU 04c Proposed new policy Writers for SampleOrg
2018-03-02 09:36:05.405 UTC [policies] ProposePolicy -> DEBU 04d Proposed new policy Admins for SampleOrg
2018-03-02 09:36:05.405 UTC [common/config] validateMSP -> DEBU 04e Setting up MSP for org SampleOrg
2018-03-02 09:36:05.405 UTC [msp] NewBccspMsp -> DEBU 04f Creating BCCSP-based MSP instance
2018-03-02 09:36:05.405 UTC [msp] Setup -> DEBU 050 Setting up MSP instance DEFAULT
2018-03-02 09:36:05.405 UTC [msp/identity] newIdentity -> DEBU 051 Creating identity instance for ID &{DEFAULT d5e1ea36154a5ad60aae5fd4af93f0a7156c02b169e39e27edea54b7b33bca58}
2018-03-02 09:36:05.405 UTC [msp/identity] newIdentity -> DEBU 052 Creating identity instance for ID &{DEFAULT 013d762d4d42432510811d8da03e0871acc62d581007e22cf18cf63df79f6803}
2018-03-02 09:36:05.406 UTC [msp/identity] newIdentity -> DEBU 053 Creating identity instance for ID &{DEFAULT 013d762d4d42432510811d8da03e0871acc62d581007e22cf18cf63df79f6803}
2018-03-02 09:36:05.407 UTC [msp] Validate -> DEBU 054 MSP DEFAULT validating identity
2018-03-02 09:36:05.407 UTC [msp] getCertificationChain -> DEBU 055 MSP DEFAULT getting certification chain
2018-03-02 09:36:05.407 UTC [common/config] Validate -> DEBU 056 Anchor peers for org SampleOrg are 
2018-03-02 09:36:05.407 UTC [common/config] validateMSP -> DEBU 057 Setting up MSP for org SampleOrg
2018-03-02 09:36:05.407 UTC [msp] NewBccspMsp -> DEBU 058 Creating BCCSP-based MSP instance
2018-03-02 09:36:05.407 UTC [msp] Setup -> DEBU 059 Setting up MSP instance DEFAULT
2018-03-02 09:36:05.407 UTC [msp/identity] newIdentity -> DEBU 05a Creating identity instance for ID &{DEFAULT d5e1ea36154a5ad60aae5fd4af93f0a7156c02b169e39e27edea54b7b33bca58}
2018-03-02 09:36:05.408 UTC [msp/identity] newIdentity -> DEBU 05b Creating identity instance for ID &{DEFAULT 013d762d4d42432510811d8da03e0871acc62d581007e22cf18cf63df79f6803}
2018-03-02 09:36:05.408 UTC [msp/identity] newIdentity -> DEBU 05c Creating identity instance for ID &{DEFAULT 013d762d4d42432510811d8da03e0871acc62d581007e22cf18cf63df79f6803}
2018-03-02 09:36:05.409 UTC [msp] Validate -> DEBU 05d MSP DEFAULT validating identity
2018-03-02 09:36:05.409 UTC [msp] getCertificationChain -> DEBU 05e MSP DEFAULT getting certification chain
2018-03-02 09:36:05.410 UTC [msp] Setup -> DEBU 05f Setting up the MSP manager (1 msps)
2018-03-02 09:36:05.410 UTC [msp] Setup -> DEBU 060 MSP manager setup complete, setup 1 msps
2018-03-02 09:36:05.410 UTC [policies] GetPolicy -> DEBU 061 Returning policy Writers for evaluation
2018-03-02 09:36:05.410 UTC [policies] CommitProposals -> DEBU 062 In commit adding relative sub-policy SampleOrg/Writers to Orderer
2018-03-02 09:36:05.410 UTC [policies] GetPolicy -> DEBU 063 Returning policy Admins for evaluation
2018-03-02 09:36:05.410 UTC [policies] CommitProposals -> DEBU 064 In commit adding relative sub-policy SampleOrg/Admins to Orderer
2018-03-02 09:36:05.410 UTC [policies] GetPolicy -> DEBU 065 Returning policy Readers for evaluation
2018-03-02 09:36:05.410 UTC [policies] CommitProposals -> DEBU 066 In commit adding relative sub-policy SampleOrg/Readers to Orderer
2018-03-02 09:36:05.410 UTC [policies] GetPolicy -> DEBU 067 Returning policy Writers for evaluation
2018-03-02 09:36:05.410 UTC [policies] GetPolicy -> DEBU 068 Returning policy Admins for evaluation
2018-03-02 09:36:05.410 UTC [policies] GetPolicy -> DEBU 069 Returning policy Writers for evaluation
2018-03-02 09:36:05.410 UTC [policies] GetPolicy -> DEBU 06a Returning policy Readers for evaluation
2018-03-02 09:36:05.410 UTC [policies] GetPolicy -> DEBU 06b Returning policy Readers for evaluation
2018-03-02 09:36:05.410 UTC [policies] CommitProposals -> DEBU 06c In commit adding relative sub-policy SampleOrg/Readers to Application
2018-03-02 09:36:05.410 UTC [policies] GetPolicy -> DEBU 06d Returning policy Writers for evaluation
2018-03-02 09:36:05.410 UTC [policies] CommitProposals -> DEBU 06e In commit adding relative sub-policy SampleOrg/Writers to Application
2018-03-02 09:36:05.410 UTC [policies] GetPolicy -> DEBU 06f Returning policy Admins for evaluation
2018-03-02 09:36:05.410 UTC [policies] CommitProposals -> DEBU 070 In commit adding relative sub-policy SampleOrg/Admins to Application
2018-03-02 09:36:05.410 UTC [policies] GetPolicy -> DEBU 071 Returning policy Readers for evaluation
2018-03-02 09:36:05.410 UTC [policies] GetPolicy -> DEBU 072 Returning policy Admins for evaluation
2018-03-02 09:36:05.410 UTC [policies] GetPolicy -> DEBU 073 Returning policy Writers for evaluation
2018-03-02 09:36:05.410 UTC [policies] GetPolicy -> DEBU 074 Returning policy Writers for evaluation
2018-03-02 09:36:05.410 UTC [policies] CommitProposals -> DEBU 075 In commit adding relative sub-policy Application/Writers to Channel
2018-03-02 09:36:05.410 UTC [policies] GetPolicy -> DEBU 076 Returning policy SampleOrg/Readers for evaluation
2018-03-02 09:36:05.410 UTC [policies] CommitProposals -> DEBU 077 In commit adding relative sub-policy Application/SampleOrg/Readers to Channel
2018-03-02 09:36:05.410 UTC [policies] GetPolicy -> DEBU 078 Returning policy SampleOrg/Writers for evaluation
2018-03-02 09:36:05.410 UTC [policies] CommitProposals -> DEBU 079 In commit adding relative sub-policy Application/SampleOrg/Writers to Channel
2018-03-02 09:36:05.410 UTC [policies] GetPolicy -> DEBU 07a Returning policy SampleOrg/Admins for evaluation
2018-03-02 09:36:05.410 UTC [policies] CommitProposals -> DEBU 07b In commit adding relative sub-policy Application/SampleOrg/Admins to Channel
2018-03-02 09:36:05.410 UTC [policies] GetPolicy -> DEBU 07c Returning policy Readers for evaluation
2018-03-02 09:36:05.410 UTC [policies] CommitProposals -> DEBU 07d In commit adding relative sub-policy Application/Readers to Channel
2018-03-02 09:36:05.411 UTC [policies] GetPolicy -> DEBU 07e Returning policy Admins for evaluation
2018-03-02 09:36:05.411 UTC [policies] CommitProposals -> DEBU 07f In commit adding relative sub-policy Application/Admins to Channel
2018-03-02 09:36:05.411 UTC [policies] GetPolicy -> DEBU 080 Returning policy SampleOrg/Writers for evaluation
2018-03-02 09:36:05.411 UTC [policies] CommitProposals -> DEBU 081 In commit adding relative sub-policy Orderer/SampleOrg/Writers to Channel
2018-03-02 09:36:05.411 UTC [policies] GetPolicy -> DEBU 082 Returning policy SampleOrg/Admins for evaluation
2018-03-02 09:36:05.411 UTC [policies] CommitProposals -> DEBU 083 In commit adding relative sub-policy Orderer/SampleOrg/Admins to Channel
2018-03-02 09:36:05.411 UTC [policies] GetPolicy -> DEBU 084 Returning policy SampleOrg/Readers for evaluation
2018-03-02 09:36:05.411 UTC [policies] CommitProposals -> DEBU 085 In commit adding relative sub-policy Orderer/SampleOrg/Readers to Channel
2018-03-02 09:36:05.411 UTC [policies] GetPolicy -> DEBU 086 Returning policy Writers for evaluation
2018-03-02 09:36:05.411 UTC [policies] CommitProposals -> DEBU 087 In commit adding relative sub-policy Orderer/Writers to Channel
2018-03-02 09:36:05.411 UTC [policies] GetPolicy -> DEBU 088 Returning policy Admins for evaluation
2018-03-02 09:36:05.411 UTC [policies] CommitProposals -> DEBU 089 In commit adding relative sub-policy Orderer/Admins to Channel
2018-03-02 09:36:05.411 UTC [policies] GetPolicy -> DEBU 08a Returning policy BlockValidation for evaluation
2018-03-02 09:36:05.411 UTC [policies] CommitProposals -> DEBU 08b In commit adding relative sub-policy Orderer/BlockValidation to Channel
2018-03-02 09:36:05.411 UTC [policies] GetPolicy -> DEBU 08c Returning policy Readers for evaluation
2018-03-02 09:36:05.411 UTC [policies] CommitProposals -> DEBU 08d In commit adding relative sub-policy Orderer/Readers to Channel
2018-03-02 09:36:05.411 UTC [policies] GetPolicy -> DEBU 08e Returning policy Readers for evaluation
2018-03-02 09:36:05.411 UTC [policies] GetPolicy -> DEBU 08f Returning policy Readers for evaluation
2018-03-02 09:36:05.411 UTC [policies] GetPolicy -> DEBU 090 Returning policy Writers for evaluation
2018-03-02 09:36:05.411 UTC [policies] GetPolicy -> DEBU 091 Returning policy Writers for evaluation
2018-03-02 09:36:05.411 UTC [policies] GetPolicy -> DEBU 092 Returning policy Admins for evaluation
2018-03-02 09:36:05.411 UTC [policies] GetPolicy -> DEBU 093 Returning policy Admins for evaluation
2018-03-02 09:36:05.411 UTC [policies] GetPolicy -> DEBU 094 Returning policy Readers for evaluation
2018-03-02 09:36:05.411 UTC [policies] CommitProposals -> DEBU 095 As expected, current configuration has policy '/Channel/Readers'
2018-03-02 09:36:05.411 UTC [policies] GetPolicy -> DEBU 096 Returning policy Writers for evaluation
2018-03-02 09:36:05.411 UTC [policies] CommitProposals -> DEBU 097 As expected, current configuration has policy '/Channel/Writers'
2018-03-02 09:36:05.411 UTC [policies] GetPolicy -> DEBU 098 Returning policy Application/Readers for evaluation
2018-03-02 09:36:05.411 UTC [policies] CommitProposals -> DEBU 099 As expected, current configuration has policy '/Channel/Application/Readers'
2018-03-02 09:36:05.411 UTC [policies] GetPolicy -> DEBU 09a Returning policy Application/Writers for evaluation
2018-03-02 09:36:05.411 UTC [policies] CommitProposals -> DEBU 09b As expected, current configuration has policy '/Channel/Application/Writers'
2018-03-02 09:36:05.411 UTC [policies] GetPolicy -> DEBU 09c Returning policy Application/Admins for evaluation
2018-03-02 09:36:05.411 UTC [policies] CommitProposals -> DEBU 09d As expected, current configuration has policy '/Channel/Application/Admins'
2018-03-02 09:36:05.411 UTC [policies] GetPolicy -> DEBU 09e Returning policy Orderer/BlockValidation for evaluation
2018-03-02 09:36:05.411 UTC [policies] CommitProposals -> DEBU 09f As expected, current configuration has policy '/Channel/Orderer/BlockValidation'
2018-03-02 09:36:05.411 UTC [chaincodeCmd] InitCmdFactory -> INFO 0a0 Get chain(myc) orderer endpoint: orderer:7050
2018-03-02 09:36:05.413 UTC [chaincodeCmd] checkChaincodeCmdParams -> INFO 0a1 Using default escc
2018-03-02 09:36:05.413 UTC [chaincodeCmd] checkChaincodeCmdParams -> INFO 0a2 Using default vscc
2018-03-02 09:36:05.413 UTC [msp/identity] Sign -> DEBU 0a3 Sign: plaintext: 0AA9080A6108031A0C0885B6E4D40510...6F6D0A000A04657363630A0476736363 
2018-03-02 09:36:05.413 UTC [msp/identity] Sign -> DEBU 0a4 Sign: digest: 601038B2EF75E4691DE2093395BDCB55EFB28B5C3653BFF0B668DEB7D1A47D3E 
2018-03-02 09:36:05.425 UTC [msp/identity] Sign -> DEBU 0a5 Sign: plaintext: 0AA9080A6108031A0C0885B6E4D40510...0D002BF12BF5EC1D33F7E61790421D43 
2018-03-02 09:36:05.425 UTC [msp/identity] Sign -> DEBU 0a6 Sign: digest: DE194FDFD75D6C74C0D478F302663C73223BCDB6908356CCEEB04C31E72A2627 
2018-03-02 09:36:05.430 UTC [main] main -> INFO 0a7 Exiting.....
root@b8389c0c41b3:/opt/gopath/src/chaincodedev# peer chaincode invoke -C myc1 -n marbles -c '{"Args":["initMarble","marble1","blue","35","tom"]}'
2018-03-02 09:39:03.511 UTC [msp] GetLocalMSP -> DEBU 001 Returning existing local MSP
2018-03-02 09:39:03.511 UTC [msp] GetDefaultSigningIdentity -> DEBU 002 Obtaining default signing identity
2018-03-02 09:39:03.511 UTC [msp/identity] Sign -> DEBU 003 Sign: plaintext: 0AA4080A5C08011A0C08B7B7E4D40510...6F6E666967426C6F636B0A046D796331 
2018-03-02 09:39:03.511 UTC [msp/identity] Sign -> DEBU 004 Sign: digest: 44870DA51D28FA5A236420103D4EA7CA1511898F4627EC4360752D125EAE163C 
Error: Error getting (myc1) orderer endpoint: Error endorsing GetConfigBlock: rpc error: code = Unknown desc = chaincode error (status: 500, message: "GetConfigBlock" request failed authorization check for channel [myc1]: [Failed to get policy manager for channel [myc1]])
Usage:
  peer chaincode invoke [flags]

Flags:
  -C, --channelID string   The channel on which this command should be executed (default "testchainid")
  -c, --ctor string        Constructor message for the chaincode in JSON format (default "{}")
  -n, --name string        Name of the chaincode

Global Flags:
      --cafile string              Path to file containing PEM-encoded trusted certificate(s) for the ordering endpoint
      --logging-level string       Default logging level and overrides, see core.yaml for full syntax
  -o, --orderer string             Ordering service endpoint
      --test.coverprofile string   Done (default "coverage.cov")
      --tls                        Use TLS when communicating with the orderer endpoint
  -v, --version                    Display current version of fabric peer server

root@b8389c0c41b3:/opt/gopath/src/chaincodedev# peer chaincode invoke -n mycc -c '{"Args":["initMarble","marble2","red","50","tom"]}' -C myc
2018-03-02 09:41:07.515 UTC [msp] GetLocalMSP -> DEBU 001 Returning existing local MSP
2018-03-02 09:41:07.515 UTC [msp] GetDefaultSigningIdentity -> DEBU 002 Obtaining default signing identity
2018-03-02 09:41:07.515 UTC [msp/identity] Sign -> DEBU 003 Sign: plaintext: 0AA4080A5C08011A0C08B3B8E4D40510...436F6E666967426C6F636B0A036D7963 
2018-03-02 09:41:07.515 UTC [msp/identity] Sign -> DEBU 004 Sign: digest: 02211383766A8D5F76A07260E58CF50E025C0405D41CFBE0356A1B00793FBD9F 
2018-03-02 09:41:07.521 UTC [common/config] NewStandardValues -> DEBU 005 Initializing protos for *config.ChannelProtos
2018-03-02 09:41:07.521 UTC [common/config] initializeProtosStruct -> DEBU 006 Processing field: HashingAlgorithm
2018-03-02 09:41:07.521 UTC [common/config] initializeProtosStruct -> DEBU 007 Processing field: BlockDataHashingStructure
2018-03-02 09:41:07.521 UTC [common/config] initializeProtosStruct -> DEBU 008 Processing field: OrdererAddresses
2018-03-02 09:41:07.521 UTC [common/config] initializeProtosStruct -> DEBU 009 Processing field: Consortium
2018-03-02 09:41:07.521 UTC [common/configtx] addToMap -> DEBU 00a Adding to config map: [Groups] /Channel
2018-03-02 09:41:07.521 UTC [common/configtx] addToMap -> DEBU 00b Adding to config map: [Groups] /Channel/Orderer
2018-03-02 09:41:07.521 UTC [common/configtx] addToMap -> DEBU 00c Adding to config map: [Groups] /Channel/Orderer/SampleOrg
2018-03-02 09:41:07.522 UTC [common/configtx] addToMap -> DEBU 00d Adding to config map: [Values] /Channel/Orderer/SampleOrg/MSP
2018-03-02 09:41:07.522 UTC [common/configtx] addToMap -> DEBU 00e Adding to config map: [Policy] /Channel/Orderer/SampleOrg/Admins
2018-03-02 09:41:07.522 UTC [common/configtx] addToMap -> DEBU 00f Adding to config map: [Policy] /Channel/Orderer/SampleOrg/Readers
2018-03-02 09:41:07.522 UTC [common/configtx] addToMap -> DEBU 010 Adding to config map: [Policy] /Channel/Orderer/SampleOrg/Writers
2018-03-02 09:41:07.522 UTC [common/configtx] addToMap -> DEBU 011 Adding to config map: [Values] /Channel/Orderer/BatchSize
2018-03-02 09:41:07.522 UTC [common/configtx] addToMap -> DEBU 012 Adding to config map: [Values] /Channel/Orderer/BatchTimeout
2018-03-02 09:41:07.522 UTC [common/configtx] addToMap -> DEBU 013 Adding to config map: [Values] /Channel/Orderer/ChannelRestrictions
2018-03-02 09:41:07.522 UTC [common/configtx] addToMap -> DEBU 014 Adding to config map: [Values] /Channel/Orderer/ConsensusType
2018-03-02 09:41:07.522 UTC [common/configtx] addToMap -> DEBU 015 Adding to config map: [Policy] /Channel/Orderer/Readers
2018-03-02 09:41:07.525 UTC [common/configtx] addToMap -> DEBU 016 Adding to config map: [Policy] /Channel/Orderer/Writers
2018-03-02 09:41:07.525 UTC [common/configtx] addToMap -> DEBU 017 Adding to config map: [Policy] /Channel/Orderer/Admins
2018-03-02 09:41:07.525 UTC [common/configtx] addToMap -> DEBU 018 Adding to config map: [Policy] /Channel/Orderer/BlockValidation
2018-03-02 09:41:07.525 UTC [common/configtx] addToMap -> DEBU 019 Adding to config map: [Groups] /Channel/Application
2018-03-02 09:41:07.525 UTC [common/configtx] addToMap -> DEBU 01a Adding to config map: [Groups] /Channel/Application/SampleOrg
2018-03-02 09:41:07.525 UTC [common/configtx] addToMap -> DEBU 01b Adding to config map: [Values] /Channel/Application/SampleOrg/MSP
2018-03-02 09:41:07.525 UTC [common/configtx] addToMap -> DEBU 01c Adding to config map: [Policy] /Channel/Application/SampleOrg/Writers
2018-03-02 09:41:07.526 UTC [common/configtx] addToMap -> DEBU 01d Adding to config map: [Policy] /Channel/Application/SampleOrg/Admins
2018-03-02 09:41:07.526 UTC [common/configtx] addToMap -> DEBU 01e Adding to config map: [Policy] /Channel/Application/SampleOrg/Readers
2018-03-02 09:41:07.526 UTC [common/configtx] addToMap -> DEBU 01f Adding to config map: [Policy] /Channel/Application/Writers
2018-03-02 09:41:07.526 UTC [common/configtx] addToMap -> DEBU 020 Adding to config map: [Policy] /Channel/Application/Readers
2018-03-02 09:41:07.526 UTC [common/configtx] addToMap -> DEBU 021 Adding to config map: [Policy] /Channel/Application/Admins
2018-03-02 09:41:07.526 UTC [common/configtx] addToMap -> DEBU 022 Adding to config map: [Values] /Channel/BlockDataHashingStructure
2018-03-02 09:41:07.526 UTC [common/configtx] addToMap -> DEBU 023 Adding to config map: [Values] /Channel/Consortium
2018-03-02 09:41:07.526 UTC [common/configtx] addToMap -> DEBU 024 Adding to config map: [Values] /Channel/OrdererAddresses
2018-03-02 09:41:07.526 UTC [common/configtx] addToMap -> DEBU 025 Adding to config map: [Values] /Channel/HashingAlgorithm
2018-03-02 09:41:07.526 UTC [common/configtx] addToMap -> DEBU 026 Adding to config map: [Policy] /Channel/Readers
2018-03-02 09:41:07.526 UTC [common/configtx] addToMap -> DEBU 027 Adding to config map: [Policy] /Channel/Writers
2018-03-02 09:41:07.526 UTC [common/configtx] addToMap -> DEBU 028 Adding to config map: [Policy] /Channel/Admins
2018-03-02 09:41:07.526 UTC [common/configtx] processConfig -> DEBU 029 Beginning new config for channel myc
2018-03-02 09:41:07.526 UTC [common/config] NewStandardValues -> DEBU 02a Initializing protos for *config.ChannelProtos
2018-03-02 09:41:07.526 UTC [common/config] initializeProtosStruct -> DEBU 02b Processing field: HashingAlgorithm
2018-03-02 09:41:07.526 UTC [common/config] initializeProtosStruct -> DEBU 02c Processing field: BlockDataHashingStructure
2018-03-02 09:41:07.526 UTC [common/config] initializeProtosStruct -> DEBU 02d Processing field: OrdererAddresses
2018-03-02 09:41:07.526 UTC [common/config] initializeProtosStruct -> DEBU 02e Processing field: Consortium
2018-03-02 09:41:07.526 UTC [policies] ProposePolicy -> DEBU 02f Proposed new policy Readers for Channel
2018-03-02 09:41:07.526 UTC [policies] ProposePolicy -> DEBU 030 Proposed new policy Writers for Channel
2018-03-02 09:41:07.526 UTC [policies] ProposePolicy -> DEBU 031 Proposed new policy Admins for Channel
2018-03-02 09:41:07.526 UTC [common/config] NewStandardValues -> DEBU 032 Initializing protos for *config.OrdererProtos
2018-03-02 09:41:07.526 UTC [common/config] initializeProtosStruct -> DEBU 033 Processing field: ConsensusType
2018-03-02 09:41:07.527 UTC [common/config] initializeProtosStruct -> DEBU 034 Processing field: BatchSize
2018-03-02 09:41:07.527 UTC [common/config] initializeProtosStruct -> DEBU 035 Processing field: BatchTimeout
2018-03-02 09:41:07.527 UTC [common/config] initializeProtosStruct -> DEBU 036 Processing field: KafkaBrokers
2018-03-02 09:41:07.527 UTC [common/config] initializeProtosStruct -> DEBU 037 Processing field: ChannelRestrictions
2018-03-02 09:41:07.527 UTC [policies] ProposePolicy -> DEBU 038 Proposed new policy Admins for Orderer
2018-03-02 09:41:07.527 UTC [policies] ProposePolicy -> DEBU 039 Proposed new policy BlockValidation for Orderer
2018-03-02 09:41:07.527 UTC [policies] ProposePolicy -> DEBU 03a Proposed new policy Readers for Orderer
2018-03-02 09:41:07.527 UTC [policies] ProposePolicy -> DEBU 03b Proposed new policy Writers for Orderer
2018-03-02 09:41:07.527 UTC [common/config] NewStandardValues -> DEBU 03c Initializing protos for *config.OrganizationProtos
2018-03-02 09:41:07.527 UTC [common/config] initializeProtosStruct -> DEBU 03d Processing field: MSP
2018-03-02 09:41:07.527 UTC [policies] ProposePolicy -> DEBU 03e Proposed new policy Writers for SampleOrg
2018-03-02 09:41:07.527 UTC [policies] ProposePolicy -> DEBU 03f Proposed new policy Admins for SampleOrg
2018-03-02 09:41:07.527 UTC [policies] ProposePolicy -> DEBU 040 Proposed new policy Readers for SampleOrg
2018-03-02 09:41:07.527 UTC [common/config] NewStandardValues -> DEBU 041 Initializing protos for *struct {}
2018-03-02 09:41:07.527 UTC [policies] ProposePolicy -> DEBU 042 Proposed new policy Readers for Application
2018-03-02 09:41:07.527 UTC [policies] ProposePolicy -> DEBU 043 Proposed new policy Admins for Application
2018-03-02 09:41:07.527 UTC [policies] ProposePolicy -> DEBU 044 Proposed new policy Writers for Application
2018-03-02 09:41:07.527 UTC [common/config] NewStandardValues -> DEBU 045 Initializing protos for *config.OrganizationProtos
2018-03-02 09:41:07.527 UTC [common/config] initializeProtosStruct -> DEBU 046 Processing field: MSP
2018-03-02 09:41:07.527 UTC [common/config] NewStandardValues -> DEBU 047 Initializing protos for *config.ApplicationOrgProtos
2018-03-02 09:41:07.527 UTC [common/config] initializeProtosStruct -> DEBU 048 Processing field: AnchorPeers
2018-03-02 09:41:07.527 UTC [common/config] NewStandardValues -> DEBU 049 Initializing protos for *config.OrganizationProtos
2018-03-02 09:41:07.527 UTC [common/config] initializeProtosStruct -> DEBU 04a Processing field: MSP
2018-03-02 09:41:07.527 UTC [policies] ProposePolicy -> DEBU 04b Proposed new policy Readers for SampleOrg
2018-03-02 09:41:07.527 UTC [policies] ProposePolicy -> DEBU 04c Proposed new policy Writers for SampleOrg
2018-03-02 09:41:07.527 UTC [policies] ProposePolicy -> DEBU 04d Proposed new policy Admins for SampleOrg
2018-03-02 09:41:07.527 UTC [common/config] validateMSP -> DEBU 04e Setting up MSP for org SampleOrg
2018-03-02 09:41:07.527 UTC [msp] NewBccspMsp -> DEBU 04f Creating BCCSP-based MSP instance
2018-03-02 09:41:07.527 UTC [msp] Setup -> DEBU 050 Setting up MSP instance DEFAULT
2018-03-02 09:41:07.528 UTC [msp/identity] newIdentity -> DEBU 051 Creating identity instance for ID &{DEFAULT d5e1ea36154a5ad60aae5fd4af93f0a7156c02b169e39e27edea54b7b33bca58}
2018-03-02 09:41:07.528 UTC [msp/identity] newIdentity -> DEBU 052 Creating identity instance for ID &{DEFAULT 013d762d4d42432510811d8da03e0871acc62d581007e22cf18cf63df79f6803}
2018-03-02 09:41:07.529 UTC [msp/identity] newIdentity -> DEBU 053 Creating identity instance for ID &{DEFAULT 013d762d4d42432510811d8da03e0871acc62d581007e22cf18cf63df79f6803}
2018-03-02 09:41:07.530 UTC [msp] Validate -> DEBU 054 MSP DEFAULT validating identity
2018-03-02 09:41:07.531 UTC [msp] getCertificationChain -> DEBU 055 MSP DEFAULT getting certification chain
2018-03-02 09:41:07.531 UTC [common/config] Validate -> DEBU 056 Anchor peers for org SampleOrg are 
2018-03-02 09:41:07.531 UTC [common/config] validateMSP -> DEBU 057 Setting up MSP for org SampleOrg
2018-03-02 09:41:07.531 UTC [msp] NewBccspMsp -> DEBU 058 Creating BCCSP-based MSP instance
2018-03-02 09:41:07.531 UTC [msp] Setup -> DEBU 059 Setting up MSP instance DEFAULT
2018-03-02 09:41:07.531 UTC [msp/identity] newIdentity -> DEBU 05a Creating identity instance for ID &{DEFAULT d5e1ea36154a5ad60aae5fd4af93f0a7156c02b169e39e27edea54b7b33bca58}
2018-03-02 09:41:07.532 UTC [msp/identity] newIdentity -> DEBU 05b Creating identity instance for ID &{DEFAULT 013d762d4d42432510811d8da03e0871acc62d581007e22cf18cf63df79f6803}
2018-03-02 09:41:07.532 UTC [msp/identity] newIdentity -> DEBU 05c Creating identity instance for ID &{DEFAULT 013d762d4d42432510811d8da03e0871acc62d581007e22cf18cf63df79f6803}
2018-03-02 09:41:07.533 UTC [msp] Validate -> DEBU 05d MSP DEFAULT validating identity
2018-03-02 09:41:07.533 UTC [msp] getCertificationChain -> DEBU 05e MSP DEFAULT getting certification chain
2018-03-02 09:41:07.534 UTC [msp] Setup -> DEBU 05f Setting up the MSP manager (1 msps)
2018-03-02 09:41:07.534 UTC [msp] Setup -> DEBU 060 MSP manager setup complete, setup 1 msps
2018-03-02 09:41:07.534 UTC [policies] GetPolicy -> DEBU 061 Returning policy Writers for evaluation
2018-03-02 09:41:07.534 UTC [policies] CommitProposals -> DEBU 062 In commit adding relative sub-policy SampleOrg/Writers to Orderer
2018-03-02 09:41:07.534 UTC [policies] GetPolicy -> DEBU 063 Returning policy Admins for evaluation
2018-03-02 09:41:07.534 UTC [policies] CommitProposals -> DEBU 064 In commit adding relative sub-policy SampleOrg/Admins to Orderer
2018-03-02 09:41:07.534 UTC [policies] GetPolicy -> DEBU 065 Returning policy Readers for evaluation
2018-03-02 09:41:07.534 UTC [policies] CommitProposals -> DEBU 066 In commit adding relative sub-policy SampleOrg/Readers to Orderer
2018-03-02 09:41:07.534 UTC [policies] GetPolicy -> DEBU 067 Returning policy Admins for evaluation
2018-03-02 09:41:07.534 UTC [policies] GetPolicy -> DEBU 068 Returning policy Writers for evaluation
2018-03-02 09:41:07.534 UTC [policies] GetPolicy -> DEBU 069 Returning policy Readers for evaluation
2018-03-02 09:41:07.534 UTC [policies] GetPolicy -> DEBU 06a Returning policy Writers for evaluation
2018-03-02 09:41:07.534 UTC [policies] GetPolicy -> DEBU 06b Returning policy Writers for evaluation
2018-03-02 09:41:07.534 UTC [policies] CommitProposals -> DEBU 06c In commit adding relative sub-policy SampleOrg/Writers to Application
2018-03-02 09:41:07.534 UTC [policies] GetPolicy -> DEBU 06d Returning policy Admins for evaluation
2018-03-02 09:41:07.534 UTC [policies] CommitProposals -> DEBU 06e In commit adding relative sub-policy SampleOrg/Admins to Application
2018-03-02 09:41:07.534 UTC [policies] GetPolicy -> DEBU 06f Returning policy Readers for evaluation
2018-03-02 09:41:07.534 UTC [policies] CommitProposals -> DEBU 070 In commit adding relative sub-policy SampleOrg/Readers to Application
2018-03-02 09:41:07.534 UTC [policies] GetPolicy -> DEBU 071 Returning policy Readers for evaluation
2018-03-02 09:41:07.534 UTC [policies] GetPolicy -> DEBU 072 Returning policy Admins for evaluation
2018-03-02 09:41:07.534 UTC [policies] GetPolicy -> DEBU 073 Returning policy Writers for evaluation
2018-03-02 09:41:07.534 UTC [policies] GetPolicy -> DEBU 074 Returning policy BlockValidation for evaluation
2018-03-02 09:41:07.534 UTC [policies] CommitProposals -> DEBU 075 In commit adding relative sub-policy Orderer/BlockValidation to Channel
2018-03-02 09:41:07.534 UTC [policies] GetPolicy -> DEBU 076 Returning policy Readers for evaluation
2018-03-02 09:41:07.534 UTC [policies] CommitProposals -> DEBU 077 In commit adding relative sub-policy Orderer/Readers to Channel
2018-03-02 09:41:07.534 UTC [policies] GetPolicy -> DEBU 078 Returning policy Writers for evaluation
2018-03-02 09:41:07.534 UTC [policies] CommitProposals -> DEBU 079 In commit adding relative sub-policy Orderer/Writers to Channel
2018-03-02 09:41:07.534 UTC [policies] GetPolicy -> DEBU 07a Returning policy SampleOrg/Writers for evaluation
2018-03-02 09:41:07.534 UTC [policies] CommitProposals -> DEBU 07b In commit adding relative sub-policy Orderer/SampleOrg/Writers to Channel
2018-03-02 09:41:07.534 UTC [policies] GetPolicy -> DEBU 07c Returning policy SampleOrg/Admins for evaluation
2018-03-02 09:41:07.535 UTC [policies] CommitProposals -> DEBU 07d In commit adding relative sub-policy Orderer/SampleOrg/Admins to Channel
2018-03-02 09:41:07.535 UTC [policies] GetPolicy -> DEBU 07e Returning policy SampleOrg/Readers for evaluation
2018-03-02 09:41:07.535 UTC [policies] CommitProposals -> DEBU 07f In commit adding relative sub-policy Orderer/SampleOrg/Readers to Channel
2018-03-02 09:41:07.535 UTC [policies] GetPolicy -> DEBU 080 Returning policy Admins for evaluation
2018-03-02 09:41:07.535 UTC [policies] CommitProposals -> DEBU 081 In commit adding relative sub-policy Orderer/Admins to Channel
2018-03-02 09:41:07.535 UTC [policies] GetPolicy -> DEBU 082 Returning policy Admins for evaluation
2018-03-02 09:41:07.535 UTC [policies] CommitProposals -> DEBU 083 In commit adding relative sub-policy Application/Admins to Channel
2018-03-02 09:41:07.535 UTC [policies] GetPolicy -> DEBU 084 Returning policy Writers for evaluation
2018-03-02 09:41:07.535 UTC [policies] CommitProposals -> DEBU 085 In commit adding relative sub-policy Application/Writers to Channel
2018-03-02 09:41:07.535 UTC [policies] GetPolicy -> DEBU 086 Returning policy SampleOrg/Writers for evaluation
2018-03-02 09:41:07.535 UTC [policies] CommitProposals -> DEBU 087 In commit adding relative sub-policy Application/SampleOrg/Writers to Channel
2018-03-02 09:41:07.535 UTC [policies] GetPolicy -> DEBU 088 Returning policy SampleOrg/Admins for evaluation
2018-03-02 09:41:07.535 UTC [policies] CommitProposals -> DEBU 089 In commit adding relative sub-policy Application/SampleOrg/Admins to Channel
2018-03-02 09:41:07.535 UTC [policies] GetPolicy -> DEBU 08a Returning policy SampleOrg/Readers for evaluation
2018-03-02 09:41:07.535 UTC [policies] CommitProposals -> DEBU 08b In commit adding relative sub-policy Application/SampleOrg/Readers to Channel
2018-03-02 09:41:07.535 UTC [policies] GetPolicy -> DEBU 08c Returning policy Readers for evaluation
2018-03-02 09:41:07.535 UTC [policies] CommitProposals -> DEBU 08d In commit adding relative sub-policy Application/Readers to Channel
2018-03-02 09:41:07.535 UTC [policies] GetPolicy -> DEBU 08e Returning policy Readers for evaluation
2018-03-02 09:41:07.535 UTC [policies] GetPolicy -> DEBU 08f Returning policy Readers for evaluation
2018-03-02 09:41:07.535 UTC [policies] GetPolicy -> DEBU 090 Returning policy Writers for evaluation
2018-03-02 09:41:07.535 UTC [policies] GetPolicy -> DEBU 091 Returning policy Writers for evaluation
2018-03-02 09:41:07.535 UTC [policies] GetPolicy -> DEBU 092 Returning policy Admins for evaluation
2018-03-02 09:41:07.535 UTC [policies] GetPolicy -> DEBU 093 Returning policy Admins for evaluation
2018-03-02 09:41:07.535 UTC [policies] GetPolicy -> DEBU 094 Returning policy Readers for evaluation
2018-03-02 09:41:07.535 UTC [policies] CommitProposals -> DEBU 095 As expected, current configuration has policy '/Channel/Readers'
2018-03-02 09:41:07.535 UTC [policies] GetPolicy -> DEBU 096 Returning policy Writers for evaluation
2018-03-02 09:41:07.535 UTC [policies] CommitProposals -> DEBU 097 As expected, current configuration has policy '/Channel/Writers'
2018-03-02 09:41:07.535 UTC [policies] GetPolicy -> DEBU 098 Returning policy Application/Readers for evaluation
2018-03-02 09:41:07.535 UTC [policies] CommitProposals -> DEBU 099 As expected, current configuration has policy '/Channel/Application/Readers'
2018-03-02 09:41:07.535 UTC [policies] GetPolicy -> DEBU 09a Returning policy Application/Writers for evaluation
2018-03-02 09:41:07.535 UTC [policies] CommitProposals -> DEBU 09b As expected, current configuration has policy '/Channel/Application/Writers'
2018-03-02 09:41:07.535 UTC [policies] GetPolicy -> DEBU 09c Returning policy Application/Admins for evaluation
2018-03-02 09:41:07.535 UTC [policies] CommitProposals -> DEBU 09d As expected, current configuration has policy '/Channel/Application/Admins'
2018-03-02 09:41:07.535 UTC [policies] GetPolicy -> DEBU 09e Returning policy Orderer/BlockValidation for evaluation
2018-03-02 09:41:07.535 UTC [policies] CommitProposals -> DEBU 09f As expected, current configuration has policy '/Channel/Orderer/BlockValidation'
2018-03-02 09:41:07.535 UTC [chaincodeCmd] InitCmdFactory -> INFO 0a0 Get chain(myc) orderer endpoint: orderer:7050
2018-03-02 09:41:07.536 UTC [chaincodeCmd] checkChaincodeCmdParams -> INFO 0a1 Using default escc
2018-03-02 09:41:07.536 UTC [chaincodeCmd] checkChaincodeCmdParams -> INFO 0a2 Using default vscc
2018-03-02 09:41:07.536 UTC [msp/identity] Sign -> DEBU 0a3 Sign: plaintext: 0AA9080A6108031A0C08B3B8E4D40510...65320A037265640A0235300A03746F6D 
2018-03-02 09:41:07.536 UTC [msp/identity] Sign -> DEBU 0a4 Sign: digest: 0BBC42AA21E2CA9C2D4938966A2A914BE6BE2BBA2365DCCCB68FD524A88B3548 
2018-03-02 09:41:07.548 UTC [msp/identity] Sign -> DEBU 0a5 Sign: plaintext: 0AA9080A6108031A0C08B3B8E4D40510...72169CAF803CD049494F7E584DE6A075 
2018-03-02 09:41:07.548 UTC [msp/identity] Sign -> DEBU 0a6 Sign: digest: 00926F7EB229EC33C7F5CB8D0680A295EC507513639758C525885201BE914138 
2018-03-02 09:41:07.552 UTC [chaincodeCmd] chaincodeInvokeOrQuery -> DEBU 0a7 ESCC invoke result: version:1 response:<status:200 message:"OK" > payload:"\n ~\227\t\032\361\007\364\037e\324x\216v;\310\331l\275\300y\367{\225\273\345\252\315u\333\001\371}\022\267\001\n\244\001\022\024\n\004lscc\022\014\n\n\n\004mycc\022\002\010\001\022\213\001\n\004mycc\022\202\001\n\t\n\007marble2\032\035\n\030\000color~name\000red\000marble2\000\032\001\000\032V\n\007marble2\032K{\"docType\":\"marble\",\"name\":\"marble2\",\"color\":\"red\",\"size\":50,\"owner\":\"tom\"}\032\003\010\310\001\"\t\022\004mycc\032\0010" endorsement:<endorser:"\n\007DEFAULT\022\232\007-----BEGIN -----\nMIICizCCAjKgAwIBAgIUBEVwsSx0TmqdbzNwleNBBzoIT0wwCgYIKoZIzj0EAwIw\nfzELMAkGA1UEBhMCVVMxEzARBgNVBAgTCkNhbGlmb3JuaWExFjAUBgNVBAcTDVNh\nbiBGcmFuY2lzY28xHzAdBgNVBAoTFkludGVybmV0IFdpZGdldHMsIEluYy4xDDAK\nBgNVBAsTA1dXVzEUMBIGA1UEAxMLZXhhbXBsZS5jb20wHhcNMTYxMTExMTcwNzAw\nWhcNMTcxMTExMTcwNzAwWjBjMQswCQYDVQQGEwJVUzEXMBUGA1UECBMOTm9ydGgg\nQ2Fyb2xpbmExEDAOBgNVBAcTB1JhbGVpZ2gxGzAZBgNVBAoTEkh5cGVybGVkZ2Vy\nIEZhYnJpYzEMMAoGA1UECxMDQ09QMFkwEwYHKoZIzj0CAQYIKoZIzj0DAQcDQgAE\nHBuKsAO43hs4JGpFfiGMkB/xsILTsOvmN2WmwpsPHZNL6w8HWe3xCPQtdG/XJJvZ\n+C756KEsUBM3yw5PTfku8qOBpzCBpDAOBgNVHQ8BAf8EBAMCBaAwHQYDVR0lBBYw\nFAYIKwYBBQUHAwEGCCsGAQUFBwMCMAwGA1UdEwEB/wQCMAAwHQYDVR0OBBYEFOFC\ndcUZ4es3ltiCgAVDoyLfVpPIMB8GA1UdIwQYMBaAFBdnQj2qnoI/xMUdn1vDmdG1\nnEgQMCUGA1UdEQQeMByCCm15aG9zdC5jb22CDnd3dy5teWhvc3QuY29tMAoGCCqG\nSM49BAMCA0cAMEQCIDf9Hbl4xn3z4EwNKmilM9lX2Fq4jWpAaRVB97OmVEeyAiAk\naXzB/jnlU39B7Wws9BIr9c8mSOEPF6VY1uGP+dKV0g==\n-----END -----\n" signature:"0D\002 \0139\235\\j\0230\364\243\213\303\3165\3455=z1\327y\227BEk\200\353\004\3577\017\021;\002 F\233l\222z\221d\323\031\325\305\t\3573\006fr\026\234\257\200<\320IIO~XM\346\240u" > 
2018-03-02 09:41:07.553 UTC [chaincodeCmd] chaincodeInvokeOrQuery -> INFO 0a8 Chaincode invoke successful. result: status:200 
2018-03-02 09:41:07.553 UTC [main] main -> INFO 0a9 Exiting.....
root@b8389c0c41b3:/opt/gopath/src/chaincodedev# peer chaincode query -n mycc -c '{"Args":["readMarble","marble1"]}' -C myc
2018-03-02 09:43:12.630 UTC [msp] GetLocalMSP -> DEBU 001 Returning existing local MSP
2018-03-02 09:43:12.631 UTC [msp] GetDefaultSigningIdentity -> DEBU 002 Obtaining default signing identity
2018-03-02 09:43:12.631 UTC [chaincodeCmd] checkChaincodeCmdParams -> INFO 003 Using default escc
2018-03-02 09:43:12.631 UTC [chaincodeCmd] checkChaincodeCmdParams -> INFO 004 Using default vscc
2018-03-02 09:43:12.631 UTC [msp/identity] Sign -> DEBU 005 Sign: plaintext: 0AA9080A6108031A0C08B0B9E4D40510...644D6172626C650A076D6172626C6531 
2018-03-02 09:43:12.631 UTC [msp/identity] Sign -> DEBU 006 Sign: digest: 9CFD42A0BB40B9E0D4E11013AA51B33026D1BC38B2CA81B11D5535A967796B68 
Error: Error endorsing query: rpc error: code = Unknown desc = chaincode error (status: 500, message: {"Error":"Marble does not exist: marble1"}) - <nil>
Usage:
  peer chaincode query [flags]

Flags:
  -C, --channelID string   The channel on which this command should be executed (default "testchainid")
  -c, --ctor string        Constructor message for the chaincode in JSON format (default "{}")
  -x, --hex                If true, output the query value byte array in hexadecimal. Incompatible with --raw
  -n, --name string        Name of the chaincode
  -r, --raw                If true, output the query value as raw bytes, otherwise format as a printable string
  -t, --tid string         Name of a custom ID generation algorithm (hashing and decoding) e.g. sha256base64

Global Flags:
      --cafile string              Path to file containing PEM-encoded trusted certificate(s) for the ordering endpoint
      --logging-level string       Default logging level and overrides, see core.yaml for full syntax
  -o, --orderer string             Ordering service endpoint
      --test.coverprofile string   Done (default "coverage.cov")
      --tls                        Use TLS when communicating with the orderer endpoint
  -v, --version                    Display current version of fabric peer server

root@b8389c0c41b3:/opt/gopath/src/chaincodedev# peer chaincode query -n mycc -c '{"Args":["readMarble","marble2"]}' -C myc
2018-03-02 09:43:49.455 UTC [msp] GetLocalMSP -> DEBU 001 Returning existing local MSP
2018-03-02 09:43:49.455 UTC [msp] GetDefaultSigningIdentity -> DEBU 002 Obtaining default signing identity
2018-03-02 09:43:49.455 UTC [chaincodeCmd] checkChaincodeCmdParams -> INFO 003 Using default escc
2018-03-02 09:43:49.455 UTC [chaincodeCmd] checkChaincodeCmdParams -> INFO 004 Using default vscc
2018-03-02 09:43:49.455 UTC [msp/identity] Sign -> DEBU 005 Sign: plaintext: 0AA9080A6108031A0C08D5B9E4D40510...644D6172626C650A076D6172626C6532 
2018-03-02 09:43:49.455 UTC [msp/identity] Sign -> DEBU 006 Sign: digest: 69D1191C62CE9B562E84D0F4088B847BF7FC9FC13FD89DCEBB89C93448B1F126 
Query Result: {"docType":"marble","name":"marble2","color":"red","size":50,"owner":"tom"}
2018-03-02 09:43:49.466 UTC [main] main -> INFO 007 Exiting.....
root@b8389c0c41b3:/opt/gopath/src/chaincodedev# 

